Traceback (most recent call last):
  File "/home/caracas2025/Documentos/mutual/civiccore/backend/venv/lib/python3.11/site-packages/sqlalchemy/engine/base.py", line 1969, in _exec_single_context
    self.dialect.do_execute(
  File "/home/caracas2025/Documentos/mutual/civiccore/backend/venv/lib/python3.11/site-packages/sqlalchemy/engine/default.py", line 952, in do_execute
    cursor.execute(statement, parameters)
sqlite3.OperationalError: no such column: proposals.defense_text

The above exception was the direct cause of the following exception:

Traceback (most recent call last):
  File "/home/caracas2025/Documentos/mutual/civiccore/backend/civiccore/modules/governance/router.py", line 59, in get_proposals
    return GovernanceService.get_all_proposals(db, skip, limit)
           ^^^^^^^^^^^^^^^^^^^^^^^^^^^^^^^^^^^^^^^^^^^^^^^^^^^^
  File "/home/caracas2025/Documentos/mutual/civiccore/backend/civiccore/modules/governance/service.py", line 102, in get_all_proposals
    proposals = db.query(Proposal).order_by(Proposal.status.desc(), Proposal.last_activity_at.desc()).offset(skip).limit(limit).all()
                ^^^^^^^^^^^^^^^^^^^^^^^^^^^^^^^^^^^^^^^^^^^^^^^^^^^^^^^^^^^^^^^^^^^^^^^^^^^^^^^^^^^^^^^^^^^^^^^^^^^^^^^^^^^^^^^^^^^^^
  File "/home/caracas2025/Documentos/mutual/civiccore/backend/venv/lib/python3.11/site-packages/sqlalchemy/orm/query.py", line 2711, in all
    return self._iter().all()  # type: ignore
           ^^^^^^^^^^^^
  File "/home/caracas2025/Documentos/mutual/civiccore/backend/venv/lib/python3.11/site-packages/sqlalchemy/orm/query.py", line 2864, in _iter
    result: Union[ScalarResult[_T], Result[_T]] = self.session.execute(
                                                  ^^^^^^^^^^^^^^^^^^^^^
  File "/home/caracas2025/Documentos/mutual/civiccore/backend/venv/lib/python3.11/site-packages/sqlalchemy/orm/session.py", line 2373, in execute
    return self._execute_internal(
           ^^^^^^^^^^^^^^^^^^^^^^^
  File "/home/caracas2025/Documentos/mutual/civiccore/backend/venv/lib/python3.11/site-packages/sqlalchemy/orm/session.py", line 2271, in _execute_internal
    result: Result[Any] = compile_state_cls.orm_execute_statement(
                          ^^^^^^^^^^^^^^^^^^^^^^^^^^^^^^^^^^^^^^^^
  File "/home/caracas2025/Documentos/mutual/civiccore/backend/venv/lib/python3.11/site-packages/sqlalchemy/orm/context.py", line 306, in orm_execute_statement
    result = conn.execute(
             ^^^^^^^^^^^^^
  File "/home/caracas2025/Documentos/mutual/civiccore/backend/venv/lib/python3.11/site-packages/sqlalchemy/engine/base.py", line 1421, in execute
    return meth(
           ^^^^^
  File "/home/caracas2025/Documentos/mutual/civiccore/backend/venv/lib/python3.11/site-packages/sqlalchemy/sql/elements.py", line 526, in _execute_on_connection
    return connection._execute_clauseelement(
           ^^^^^^^^^^^^^^^^^^^^^^^^^^^^^^^^^^
  File "/home/caracas2025/Documentos/mutual/civiccore/backend/venv/lib/python3.11/site-packages/sqlalchemy/engine/base.py", line 1643, in _execute_clauseelement
    ret = self._execute_context(
          ^^^^^^^^^^^^^^^^^^^^^^
  File "/home/caracas2025/Documentos/mutual/civiccore/backend/venv/lib/python3.11/site-packages/sqlalchemy/engine/base.py", line 1848, in _execute_context
    return self._exec_single_context(
           ^^^^^^^^^^^^^^^^^^^^^^^^^^
  File "/home/caracas2025/Documentos/mutual/civiccore/backend/venv/lib/python3.11/site-packages/sqlalchemy/engine/base.py", line 1988, in _exec_single_context
    self._handle_dbapi_exception(
  File "/home/caracas2025/Documentos/mutual/civiccore/backend/venv/lib/python3.11/site-packages/sqlalchemy/engine/base.py", line 2365, in _handle_dbapi_exception
    raise sqlalchemy_exception.with_traceback(exc_info[2]) from e
  File "/home/caracas2025/Documentos/mutual/civiccore/backend/venv/lib/python3.11/site-packages/sqlalchemy/engine/base.py", line 1969, in _exec_single_context
    self.dialect.do_execute(
  File "/home/caracas2025/Documentos/mutual/civiccore/backend/venv/lib/python3.11/site-packages/sqlalchemy/engine/default.py", line 952, in do_execute
    cursor.execute(statement, parameters)
sqlalchemy.exc.OperationalError: (sqlite3.OperationalError) no such column: proposals.defense_text
[SQL: SELECT proposals.id AS proposals_id, proposals.author_id AS proposals_author_id, proposals.title AS proposals_title, proposals.content AS proposals_content, proposals.category AS proposals_category, proposals.status AS proposals_status, proposals.proposal_type AS proposals_proposal_type, proposals.target_member_id AS proposals_target_member_id, proposals.defense_text AS proposals_defense_text, proposals.is_anonymous AS proposals_is_anonymous, proposals.voting_mechanism AS proposals_voting_mechanism, proposals.extra_fields AS proposals_extra_fields, proposals.merged_into_id AS proposals_merged_into_id, proposals.cited_proposal_id AS proposals_cited_proposal_id, proposals.created_at AS proposals_created_at, proposals.last_activity_at AS proposals_last_activity_at, proposals.voting_starts_at AS proposals_voting_starts_at, proposals.voting_ends_at AS proposals_voting_ends_at, proposals.organization_id AS proposals_organization_id 
FROM proposals ORDER BY proposals.status DESC, proposals.last_activity_at DESC
 LIMIT ? OFFSET ?]
[parameters: (100, 0)]
(Background on this error at: https://sqlalche.me/e/20/e3q8)
